successfull parsing
package tutu.titi.toto
class I extends Object {
}

public class A extends Object {
  int a1 = 1;
  boolean a2 = false;
  String a6 = "jsdjkndjk\njdsdjkf";
}

abstract class B extends C {
  int ab = 1;
  A class_a;
  B() {
  }
  A mthis() tuty.A,tre.tr.b {
    int a;
    int b;
    {
      int c 18;
      {
        ;
      }
      new A();
      this.m();
      m();
      for (int c; c>6;c++) {
        {
        }
      }
    }
    a=b=1;
    return new A();
    try {
    } catch (E e)
      toto;
    } finally {
      tutu;
    }
    try {
    } finally {
      tutu;
    }
    try {
    } catch (E e)
      toto;
    }
  }
  Int matt4()  {
    this.ab;
    class_a.a1=2;
  }
  void m()  {
  }
}

static private class C extends A {
}

start typing
check add and methods:B:mthis
check add and methods:B:matt4
check add and methods:B:m
--------- env --------
A : class_env(parent=: Object)
 attr:  String a6 = "jsdjkndjk\njdsdjkf";
 attr:  boolean a2 = false;
 attr:  int a1 = 1;
B : class_env(parent=: C)
method : matt4
method : m
method : mthis
 attr:  A class_a;
 attr:  int ab = 1;
Boolean : class_env(parent=: Object)
C : class_env(parent=: A)
I : class_env(parent=: Object)
Integer : class_env(parent=: Object)
Object : class_env(parent=: )
String : class_env(parent=: Object)
450450end typing
---------p c 
456
0---------p c 
has constructor
---------p c 
---------p c
